// Jest Snapshot v1, https://goo.gl/fbAQLP

exports[`Rounded Button snapshot created successfully 1`] = `
<View
  accessibilityState={
    {
      "busy": undefined,
      "checked": undefined,
      "disabled": undefined,
      "expanded": undefined,
      "selected": undefined,
    }
  }
  accessibilityValue={
    {
      "max": undefined,
      "min": undefined,
      "now": undefined,
      "text": undefined,
    }
  }
  accessible={true}
  collapsable={false}
  focusable={true}
  onBlur={[Function]}
  onClick={[Function]}
  onFocus={[Function]}
  onResponderGrant={[Function]}
  onResponderMove={[Function]}
  onResponderRelease={[Function]}
  onResponderTerminate={[Function]}
  onResponderTerminationRequest={[Function]}
  onStartShouldSetResponder={[Function]}
  style={
    [
      {
        "backgroundColor": "#0093BB",
        "borderRadius": 30,
        "height": 45,
        "justifyContent": "center",
        "width": "33%",
      },
      {
        "backgroundColor": "transparent",
        "borderRadius": 20,
      },
    ]
  }
>
  <Text
    style={
      [
        {
          "color": "#FFFFFF",
          "fontFamily": "Roboto-Bold",
          "fontSize": 14,
          "textAlign": "center",
        },
        {
          "color": "#000000",
        },
      ]
    }
  >
    Press Me
  </Text>
</View>
`;
