// Jest Snapshot v1, https://goo.gl/fbAQLP

exports[`Card snapshot created successfully 1`] = `
<View
  accessibilityState={
    {
      "busy": undefined,
      "checked": undefined,
      "disabled": undefined,
      "expanded": undefined,
      "selected": undefined,
    }
  }
  accessibilityValue={
    {
      "max": undefined,
      "min": undefined,
      "now": undefined,
      "text": undefined,
    }
  }
  accessible={true}
  collapsable={false}
  focusable={true}
  onBlur={[Function]}
  onClick={[Function]}
  onFocus={[Function]}
  onResponderGrant={[Function]}
  onResponderMove={[Function]}
  onResponderRelease={[Function]}
  onResponderTerminate={[Function]}
  onResponderTerminationRequest={[Function]}
  onStartShouldSetResponder={[Function]}
  style={
    [
      {
        "alignSelf": "center",
        "backgroundColor": "#FFFFFF",
        "borderRadius": 7,
        "flexDirection": "column",
        "opacity": 1,
        "paddingHorizontal": 20,
        "paddingVertical": 12,
        "width": "100%",
      },
      {
        "flex": 1,
      },
    ]
  }
  testID="card"
>
  <Text>
    Card Content
  </Text>
</View>
`;
