// Jest Snapshot v1, https://goo.gl/fbAQLP

exports[`SwipableCards snapshot created successfully 1`] = `
<View
  collapsable={false}
  handlerTag={5}
  handlerType="PanGestureHandler"
  onGestureHandlerEvent={[Function]}
  onGestureHandlerStateChange={[Function]}
  onLayout={[Function]}
  style={
    {
      "overflow": "hidden",
    }
  }
>
  <View
    collapsable={false}
    style={
      {
        "bottom": 0,
        "flexDirection": "row-reverse",
        "left": 0,
        "position": "absolute",
        "right": 0,
        "top": 0,
        "transform": [
          {
            "translateX": -10000,
          },
        ],
      }
    }
  >
    <View
      onLayout={[Function]}
    />
  </View>
  <View
    collapsable={false}
    handlerTag={6}
    handlerType="TapGestureHandler"
    onGestureHandlerEvent={[Function]}
    onGestureHandlerStateChange={[Function]}
    pointerEvents="auto"
    style={
      {
        "transform": [
          {
            "translateX": -0,
          },
        ],
      }
    }
  >
    <Text>
      Swipable Card Content
    </Text>
  </View>
</View>
`;
